  Window.cpp
C:\Users\yacai\source\repos\Ta9aXP_Project\Ta9aXP_Project\Window.h(28,30): warning C4244: 'argument' : conversion de 'float' en 'int', perte possible de données
  (compiler le fichier source 'Window.cpp')
  
C:\Users\yacai\source\repos\Ta9aXP_Project\Ta9aXP_Project\Window.h(28,23): warning C4244: 'argument' : conversion de 'float' en 'int', perte possible de données
  (compiler le fichier source 'Window.cpp')
  
C:\Users\yacai\source\repos\Ta9aXP_Project\Ta9aXP_Project\Window.h(28,20): warning C4244: 'argument' : conversion de 'float' en 'int', perte possible de données
  (compiler le fichier source 'Window.cpp')
  
C:\Users\yacai\source\repos\Ta9aXP_Project\Ta9aXP_Project\Window.h(28,17): warning C4244: 'argument' : conversion de 'float' en 'int', perte possible de données
  (compiler le fichier source 'Window.cpp')
  
C:\Users\yacai\source\repos\Ta9aXP_Project\Ta9aXP_Project\Window.h(31,30): warning C4244: 'argument' : conversion de 'float' en 'int', perte possible de données
  (compiler le fichier source 'Window.cpp')
  
C:\Users\yacai\source\repos\Ta9aXP_Project\Ta9aXP_Project\Window.h(31,23): warning C4244: 'argument' : conversion de 'float' en 'int', perte possible de données
  (compiler le fichier source 'Window.cpp')
  
C:\Users\yacai\source\repos\Ta9aXP_Project\Ta9aXP_Project\Window.h(31,20): warning C4244: 'argument' : conversion de 'float' en 'int', perte possible de données
  (compiler le fichier source 'Window.cpp')
  
C:\Users\yacai\source\repos\Ta9aXP_Project\Ta9aXP_Project\Window.h(31,17): warning C4244: 'argument' : conversion de 'float' en 'int', perte possible de données
  (compiler le fichier source 'Window.cpp')
  
C:\Users\yacai\source\repos\Ta9aXP_Project\Ta9aXP_Project\Window.h(33,43): warning C4244: 'argument' : conversion de 'float' en 'int', perte possible de données
  (compiler le fichier source 'Window.cpp')
  
C:\Users\yacai\source\repos\Ta9aXP_Project\Ta9aXP_Project\Window.h(33,35): warning C4244: 'argument' : conversion de 'float' en 'int', perte possible de données
  (compiler le fichier source 'Window.cpp')
  
C:\Users\yacai\source\repos\Ta9aXP_Project\Ta9aXP_Project\Window.h(35,34): warning C4244: 'argument' : conversion de 'float' en 'int', perte possible de données
  (compiler le fichier source 'Window.cpp')
  
C:\Users\yacai\source\repos\Ta9aXP_Project\Ta9aXP_Project\Window.h(35,27): warning C4244: 'argument' : conversion de 'float' en 'int', perte possible de données
  (compiler le fichier source 'Window.cpp')
  
  Ta9aXP_Project.vcxproj -> C:\Users\yacai\source\repos\Ta9aXP_Project\x64\Debug\Ta9aXP_Project.exe
  'pwsh.exe' n'est pas reconnu en tant que commande interne
  ou externe, un programme exécutable ou un fichier de commandes.
